........................................................................ [  3%]
........................................................................ [  7%]
...................x.................................................... [ 10%]
........................................................................ [ 14%]
........................................................................ [ 17%]
........................................................................ [ 21%]
........................................................s............... [ 25%]
..s..............................s....s......................s.......... [ 28%]
...s..s.s..s........................s...........s.................s.s..s [ 32%]
......................s...........s.....s..s....................s....... [ 35%]
ss......s......s........................................................ [ 39%]
........................................................................ [ 42%]
........................................................................ [ 46%]
........................................................................ [ 50%]
........................................................................ [ 53%]
........................................................................ [ 57%]
........................................................................ [ 60%]
........................................................................ [ 64%]
........................................................................ [ 67%]
........................................................................ [ 71%]
................................s....................................... [ 75%]
........................................................................ [ 78%]
........................................................................ [ 82%]
........................................................................ [ 85%]
........................................................................ [ 89%]
........................................................................ [ 92%]
........................................................................ [ 96%]
........................................................................ [100%]
1991 passed, 24 skipped, 31000 deselected, 1 xfailed in 14.33s
