........................................................................ [  3%]
........................................................................ [  7%]
...............s..........................s...s......................... [ 10%]
s................................s..s.................s................. [ 14%]
...........ss....ss.................s..................................s [ 17%]
...............................s.........s.s..s...............s......... [ 21%]
s......s.......s.....s........s..s...................................... [ 25%]
........................................................................ [ 28%]
........................................................................ [ 32%]
........................................................................ [ 35%]
........................................................................ [ 39%]
........................................................................ [ 42%]
........................................................................ [ 46%]
........................................................................ [ 50%]
........................................................................ [ 53%]
........................................................................ [ 57%]
........................................................................ [ 60%]
........................................................................ [ 64%]
........................................................................ [ 67%]
........................................................................ [ 71%]
........................................................................ [ 75%]
........................................................................ [ 78%]
........................................................................ [ 82%]
........................................................................ [ 85%]
........................................................................ [ 89%]
........................................................................ [ 92%]
............x........................................................... [ 96%]
........................................................................ [100%]
1991 passed, 24 skipped, 31000 deselected, 1 xfailed in 12.35s
