........................................................................ [  3%]
........................................................................ [  7%]
........................................................................ [ 10%]
........................................................................ [ 14%]
........................................................................ [ 17%]
........................................................................ [ 21%]
........................................................................ [ 25%]
........................................................................ [ 28%]
........................................................................ [ 32%]
........................................................................ [ 35%]
........................................................................ [ 39%]
........................................................................ [ 42%]
........................................................................ [ 46%]
..........................................s............................. [ 50%]
..........x............................................................. [ 53%]
........................................................................ [ 57%]
........................................................................ [ 60%]
........................................................................ [ 64%]
........................................................................ [ 67%]
........................................................................ [ 71%]
.........................................................s.............. [ 75%]
....s......s.....s..s..............................s....s............... [ 78%]
.....s.s...s..........................s................s.......s.....s.. [ 82%]
..............................................s..........s..ss.......... [ 85%]
......s..s..........................s.ss................................ [ 89%]
........................................................................ [ 92%]
........................................................................ [ 96%]
........................................................................ [100%]
1991 passed, 24 skipped, 31000 deselected, 1 xfailed in 12.61s
