Already up to date
Done in 434ms using pnpm v11.3.0
. build:base$ rollup -c
. build:vanilla$ rollup -c --config-vanilla
. build:react$ rollup -c --config-react
. build:middleware$ rollup -c --config-middleware
. build:vanilla: src/vanilla.ts → dist/vanilla.js...
. build:middleware: src/middleware.ts → dist/middleware.js...
. build:react: src/react.ts → dist/react.js...
. build:base: src/index.ts → dist...
. build:vanilla: created dist/vanilla.js in 84ms
. build:vanilla: src/vanilla.ts → dist/esm/vanilla.mjs...
. build:react: created dist/react.js in 67ms
. build:react: src/react.ts → dist/esm/react.mjs...
. build:vanilla: created dist/esm/vanilla.mjs in 17ms
. build:react: created dist/esm/react.mjs in 30ms
. build:vanilla: Done
. build:middleware:immer$ rollup -c --config-middleware_immer
. build:react: Done
. build:shallow$ rollup -c --config-shallow
. build:middleware: created dist/middleware.js in 175ms
. build:middleware: src/middleware.ts → dist/esm/middleware.mjs...
. build:middleware: created dist/esm/middleware.mjs in 86ms
. build:middleware: Done
. build:vanilla:shallow$ rollup -c --config-vanilla_shallow
. build:middleware:immer: src/middleware/immer.ts → dist/middleware/immer.js...
. build:shallow: src/shallow.ts → dist/shallow.js...
. build:middleware:immer: created dist/middleware/immer.js in 66ms
. build:middleware:immer: src/middleware/immer.ts → dist/esm/middleware/immer.mjs...
. build:middleware:immer: created dist/esm/middleware/immer.mjs in 12ms
. build:shallow: created dist/shallow.js in 45ms
. build:shallow: src/shallow.ts → dist/esm/shallow.mjs...
. build:middleware:immer: Done
. build:react:shallow$ rollup -c --config-react_shallow
. build:shallow: created dist/esm/shallow.mjs in 13ms
. build:shallow: Done
. build:traditional$ rollup -c --config-traditional
. build:vanilla:shallow: src/vanilla/shallow.ts → dist/vanilla/shallow.js...
. build:vanilla:shallow: created dist/vanilla/shallow.js in 58ms
. build:vanilla:shallow: src/vanilla/shallow.ts → dist/esm/vanilla/shallow.mjs...
. build:vanilla:shallow: created dist/esm/vanilla/shallow.mjs in 19ms
. build:vanilla:shallow: Done
. build:react:shallow: src/react/shallow.ts → dist/react/shallow.js...
. build:traditional: src/traditional.ts → dist/traditional.js...
. build:react:shallow: created dist/react/shallow.js in 58ms
. build:react:shallow: src/react/shallow.ts → dist/esm/react/shallow.mjs...
. build:react:shallow: created dist/esm/react/shallow.mjs in 13ms
. build:traditional: created dist/traditional.js in 64ms
. build:traditional: src/traditional.ts → dist/esm/traditional.mjs...
. build:react:shallow: Done
. build:traditional: created dist/esm/traditional.mjs in 22ms
. build:traditional: Done
. build:base: (!) [plugin typescript] @rollup/plugin-typescript TS5096: Option 'allowImportingTsExtensions' can only be used when one of 'noEmit', 'emitDeclarationOnly', or 'rewriteRelativeImportExtensions' is set.
. build:base: created dist in 3.2s
. build:base: src/index.ts → dist/index.js...
. build:base: created dist/index.js in 34ms
. build:base: src/index.ts → dist/esm/index.mjs...
. build:base: created dist/esm/index.mjs in 9ms
. build:base: Done
